[INFO] --result-tag not given; derived 'ffs' from --rgbd-file
[INFO] Loaded depth stack: /home/yizhouch/move_some_robots/crisp_env/crisp_py/hand_to_eye_calibration/roahm-deformable-objects/captured_calibration_data/zed_calib_fs_002/right_calibration_rgbd_ffs.npz, shape=(72, 1242, 2208)
[apriltag_image] ZED intrinsics from zed_intrinsics_2208x1242.npz (2208x1242): fx=1414.575439 fy=1414.575439 cx=1101.675415 cy=669.754150
[INFO] camera=zed: depth stack is 2208x1242
[INFO] depth back-projection intrinsics: fx=1414.575439 fy=1414.575439 cx=1101.675415 cy=669.754150
[depth-fix] disparity a=1.0120, d=+5.70 px applied (fx=1414.58 px, B=120.0 mm, unit=mm): -43.6 mm @ 1.0 m, -88.1 mm @ 1.5 m
[depth-fix] value from /home/yizhouch/move_some_robots/crisp_env/crisp_py/zed_capture/zed_depth_correction.json

====================================================================================================
[INFO] Nonlinear calibration
====================================================================================================
[INFO] side: right
[INFO] seq: zed_calib_fs_002
[INFO] frames_dir: /home/yizhouch/move_some_robots/crisp_env/crisp_py/hand_to_eye_calibration/roahm-deformable-objects/captured_calibration_data/zed_calib_fs_002/frames
[INFO] pose_file: /home/yizhouch/move_some_robots/crisp_env/crisp_py/hand_to_eye_calibration/roahm-deformable-objects/captured_calibration_data/zed_calib_fs_002/right_calibration_poses.npz
[INFO] max_images: 70
[INFO] exclude_images: []
[INFO] use_depth_translation: True
[INFO] rgbd_file: right_calibration_rgbd_ffs.npz (result_tag=ffs)
[INFO] output_dir: /home/yizhouch/move_some_robots/crisp_env/crisp_py/hand_to_eye_calibration/roahm-deformable-objects/zsy-testmycode/results/zed_calib_fs_002
====================================================================================================
[INFO] Loaded depth stack: /home/yizhouch/move_some_robots/crisp_env/crisp_py/hand_to_eye_calibration/roahm-deformable-objects/captured_calibration_data/zed_calib_fs_002/right_calibration_rgbd_ffs.npz, shape=(72, 1242, 2208)
Reading calibration_right_image_0.png...

Detected 1 tags

Detection 1 of 1:

           Family: b'tag36h11'
               ID: 3
    Hamming error: 0
         Goodness: 0.0
  Decision margin: 66.950927734375
       Homography: [[-0.0121 -0.7654 -18.8368]
                    [0.7014 -0.0136 -9.6985]
                    [-0.0000 -0.0000 -0.0136]]
           Center: [1390.0789 715.7068]
          Corners: [[1337.5889 769.2745]
                    [1337.8850 664.6323]
                    [1442.1870 662.5289]
                    [1442.0084 766.5225]]
             Pose: [[-0.0178 0.9991 -0.0392 0.2603]
                    [-0.9952 -0.0215 -0.0958 0.0417]
                    [-0.0966 0.0373 0.9946 1.2773]
                    [0.0000 0.0000 0.0000 1.0000]]
        InitError: 1.589275291407722
       FinalError: 0.057789495686909755

[DEPTH] image 0: source=original, depth=1279.5 mm, |t_depth - t_apriltag|=2.2 mm
Reading calibration_right_image_1.png...

Detected 1 tags

Detection 1 of 1:

           Family: b'tag36h11'
               ID: 3
    Hamming error: 0
         Goodness: 0.0
  Decision margin: 75.17938995361328
       Homography: [[-0.0923 0.7332 15.8382]
                    [-0.7514 -0.0184 8.2664]
                    [-0.0001 0.0000 0.0110]]
           Center: [1437.8467 750.4541]
          Corners: [[1374.2966 817.1443]
                    [1372.7046 688.8203]
                    [1501.8954 683.2408]
                    [1502.0658 811.2146]]
             Pose: [[-0.0359 0.9981 -0.0496 0.2455]
                    [-0.9918 -0.0417 -0.1206 0.0589]
                    [-0.1224 0.0448 0.9915 1.0328]
                    [0.0000 0.0000 0.0000 1.0000]]
        InitError: 0.024444390059995966
       FinalError: 0.0008860482886977792

[DEPTH] image 1: source=original, depth=1034.9 mm, |t_depth - t_apriltag|=2.1 mm
Reading calibration_right_image_2.png...

Detected 1 tags

Detection 1 of 1:

           Family: b'tag36h11'
               ID: 3
    Hamming error: 0
         Goodness: 0.0
  Decision margin: 75.76917266845703
       Homography: [[-0.0090 0.7557 15.3105]
                    [-0.7134 0.0111 7.9517]
                    [-0.0000 0.0000 0.0108]]
           Center: [1411.1632 732.9077]
          Corners: [[1345.9142 799.7568]
                    [1345.9283 668.7374]
                    [1476.0670 666.4122]
                    [1475.8914 796.5795]]
             Pose: [[-0.0154 0.9989 -0.0454 0.2237]
                    [-0.9973 -0.0186 -0.0717 0.0458]
                    [-0.0724 0.0441 0.9964 1.0225]
                    [0.0000 0.0000 0.0000 1.0000]]
        InitError: 0.8203702912364413
       FinalError: 0.0408325575047056

[DEPTH] image 2: source=original, depth=1022.9 mm, |t_depth - t_apriltag|=0.4 mm
Reading calibration_right_image_3.png...

Detected 1 tags

Detection 1 of 1:

           Family: b'tag36h11'
               ID: 3
    Hamming error: 0
         Goodness: 0.0
  Decision margin: 75.72892761230469
       Homography: [[-0.0172 0.7513 14.8088]
                    [-0.7184 0.0145 7.6993]
                    [-0.0000 0.0000 0.0107]]
           Center: [1379.6484 717.2995]
          Corners: [[1313.8423 784.4202]
                    [1313.7351 651.8332]
                    [1445.1963 650.4421]
                    [1444.9938 782.2019]]
             Pose: [[-0.0097 0.9989 -0.0460 0.1991]
                    [-0.9987 -0.0119 -0.0498 0.0341]
                    [-0.0503 0.0455 0.9977 1.0134]
                    [0.0000 0.0000 0.0000 1.0000]]
        InitError: 0.18572988278975452
       FinalError: 0.011317328053799832

[DEPTH] image 3: source=original, depth=1012.8 mm, |t_depth - t_apriltag|=0.7 mm
Reading calibration_right_image_4.png...

Detected 1 tags

Detection 1 of 1:

           Family: b'tag36h11'
               ID: 3
    Hamming error: 0
         Goodness: 0.0
  Decision margin: 75.30325317382812
       Homography: [[0.0152 0.7150 14.4135]
                    [-0.7057 0.0051 7.4646]
                    [0.0000 0.0000 0.0107]]
           Center: [1350.7921 699.5576]
          Corners: [[1283.9652 766.1779]
                    [1285.4810 633.0746]
                    [1417.4521 633.1036]
                    [1416.0763 766.0132]]
             Pose: [[0.0029 0.9990 -0.0443 0.1777]
                    [-0.9991 0.0010 -0.0424 0.0214]
                    [-0.0423 0.0443 0.9981 1.0087]
                    [0.0000 0.0000 0.0000 1.0000]]
        InitError: 0.42257297175602737
       FinalError: 0.038284715176152256

[DEPTH] image 4: source=original, depth=1010.9 mm, |t_depth - t_apriltag|=2.3 mm
Reading calibration_right_image_5.png...

Detected 1 tags

Detection 1 of 1:

           Family: b'tag36h11'
               ID: 3
    Hamming error: 0
         Goodness: 0.0
  Decision margin: 74.4979248046875
       Homography: [[0.0003 -0.7099 -14.2315]
                    [0.7163 -0.0102 -7.3166]
                    [0.0000 -0.0000 -0.0107]]
           Center: [1327.4560 682.4675]
          Corners: [[1260.4305 747.8358]
                    [1262.9172 615.5365]
                    [1394.5708 617.0121]
                    [1391.8209 749.2184]]
             Pose: [[0.0129 0.9993 -0.0350 0.1621]
                    [-0.9991 0.0114 -0.0420 0.0092]
                    [-0.0416 0.0355 0.9985 1.0150]
                    [0.0000 0.0000 0.0000 1.0000]]
        InitError: 0.11160280321785859
       FinalError: 0.012541505515056462

[DEPTH] image 5: source=original, depth=1014.6 mm, |t_depth - t_apriltag|=0.4 mm
Reading calibration_right_image_6.png...

Detected 1 tags

Detection 1 of 1:

           Family: b'tag36h11'
               ID: 3
    Hamming error: 0
         Goodness: 0.0
  Decision margin: 74.5986099243164
       Homography: [[-0.0087 -0.7684 -14.1567]
                    [0.7132 -0.0409 -7.1821]
                    [0.0000 -0.0000 -0.0108]]
           Center: [1307.7834 663.4721]
          Corners: [[1240.8020 728.4074]
                    [1243.9343 596.8448]
                    [1374.2476 599.0383]
                    [1370.9863 729.4252]]
             Pose: [[0.0153 0.9987 -0.0484 0.1491]
                    [-0.9981 0.0123 -0.0607 -0.0044]
                    [-0.0600 0.0492 0.9970 1.0237]
                    [0.0000 0.0000 0.0000 1.0000]]
        InitError: 0.5468011833208377
       FinalError: 0.04572304723641665

[DEPTH] image 6: source=original, depth=1024.7 mm, |t_depth - t_apriltag|=1.1 mm
Reading calibration_right_image_7.png...

Detected 1 tags

Detection 1 of 1:

           Family: b'tag36h11'
               ID: 3
    Hamming error: 0
         Goodness: 0.0
  Decision margin: 73.89813995361328
       Homography: [[-0.0171 0.7611 14.2344]
                    [-0.7231 0.0311 7.1266]
                    [-0.0000 0.0000 0.0110]]
           Center: [1293.8491 647.7806]
          Corners: [[1228.5924 712.0529]
                    [1230.4152 582.6766]
                    [1358.8547 583.7554]
                    [1356.5345 712.1164]]
             Pose: [[0.0069 0.9989 -0.0463 0.1413]
                    [-0.9978 0.0038 -0.0667 -0.0161]
                    [-0.0665 0.0467 0.9967 1.0411]
                    [0.0000 0.0000 0.0000 1.0000]]
        InitError: 0.2194721938927784
       FinalError: 0.020081657409872507

[DEPTH] image 7: source=original, depth=1041.3 mm, |t_depth - t_apriltag|=0.3 mm
Reading calibration_right_image_8.png...

Detected 1 tags

Detection 1 of 1:

           Family: b'tag36h11'
               ID: 3
    Hamming error: 0
         Goodness: 0.0
  Decision margin: 72.5988540649414
       Homography: [[-0.0046 0.7335 14.4690]
                    [-0.7143 0.0061 7.0907]
                    [-0.0000 0.0000 0.0112]]
           Center: [1287.1898 630.7993]
          Corners: [[1223.7400 694.5899]
                    [1224.8815 568.2695]
                    [1350.4952 567.1537]
                    [1349.1571 692.9869]]
             Pose: [[-0.0055 0.9986 -0.0528 0.1393]
                    [-0.9938 -0.0113 -0.1103 -0.0291]
                    [-0.1107 0.0518 0.9925 1.0623]
                    [0.0000 0.0000 0.0000 1.0000]]
        InitError: 0.7007864679677058
       FinalError: 0.07461055179864254

[DEPTH] image 8: source=original, depth=1063.4 mm, |t_depth - t_apriltag|=1.2 mm
Reading calibration_right_image_9.png...

Detected 1 tags

Detection 1 of 1:

           Family: b'tag36h11'
               ID: 3
    Hamming error: 0
         Goodness: 0.0
  Decision margin: 71.77893829345703
       Homography: [[-0.0514 0.7368 14.8643]
                    [-0.7278 -0.0124 7.0750]
                    [-0.0000 0.0000 0.0115]]
           Center: [1287.7696 612.9405]
          Corners: [[1227.4960 676.5804]
                    [1225.5153 553.6793]
                    [1348.1304 549.2085]
                    [1349.4143 671.6214]]
             Pose: [[-0.0323 0.9980 -0.0551 0.1434]
                    [-0.9895 -0.0397 -0.1387 -0.0436]
                    [-0.1406 0.0501 0.9888 1.0900]
                    [0.0000 0.0000 0.0000 1.0000]]
        InitError: 0.4847674808101338
       FinalError: 0.0442179288345067

[DEPTH] image 9: source=original, depth=1090.9 mm, |t_depth - t_apriltag|=0.9 mm
Reading calibration_right_image_10.png...

Detected 1 tags

Detection 1 of 1:

           Family: b'tag36h11'
               ID: 3
    Hamming error: 0
         Goodness: 0.0
  Decision margin: 70.08309936523438
       Homography: [[0.0853 -0.7280 -15.4913]
                    [0.7392 0.0267 -7.1495]
                    [0.0001 -0.0000 -0.0119]]
           Center: [1298.9034 599.4675]
          Corners: [[1241.2849 661.6945]
                    [1238.0165 542.9258]
                    [1356.8696 536.8651]
                    [1359.0758 655.3455]]
             Pose: [[-0.0458 0.9975 -0.0543 0.1570]
                    [-0.9859 -0.0539 -0.1586 -0.0558]
                    [-0.1611 0.0462 0.9858 1.1258]
                    [0.0000 0.0000 0.0000 1.0000]]
        InitError: 0.27331741581530916
       FinalError: 0.02129880860746224

[DEPTH] image 10: source=original, depth=1126.6 mm, |t_depth - t_apriltag|=0.9 mm
Reading calibration_right_image_11.png...

Detected 1 tags

Detection 1 of 1:

           Family: b'tag36h11'
               ID: 3
    Hamming error: 0
         Goodness: 0.0
  Decision margin: 69.23796844482422
       Homography: [[-0.0934 0.7379 16.1538]
                    [-0.7442 -0.0188 7.2412]
                    [-0.0001 0.0000 0.0123]]
           Center: [1313.5230 588.8047]
          Corners: [[1257.2325 648.8370]
                    [1254.7921 533.5873]
                    [1370.1626 528.4001]
                    [1371.4296 643.2472]]
             Pose: [[-0.0413 0.9980 -0.0481 0.1740]
                    [-0.9851 -0.0487 -0.1650 -0.0664]
                    [-0.1670 0.0406 0.9851 1.1616]
                    [0.0000 0.0000 0.0000 1.0000]]
        InitError: 0.171655152188481
       FinalError: 0.011276797433342095

[DEPTH] image 11: source=original, depth=1164.1 mm, |t_depth - t_apriltag|=2.5 mm
Reading calibration_right_image_12.png...

Detected 1 tags

Detection 1 of 1:

           Family: b'tag36h11'
               ID: 3
    Hamming error: 0
         Goodness: 0.0
  Decision margin: 69.13541412353516
       Homography: [[-0.0997 0.7353 16.9255]
                    [-0.7495 -0.0192 7.3853]
                    [-0.0001 0.0000 0.0127]]
           Center: [1330.6569 580.6198]
          Corners: [[1275.8398 638.6281]
                    [1274.4099 527.0881]
                    [1385.8922 522.1688]
                    [1386.0798 633.3672]]
             Pose: [[-0.0377 0.9974 -0.0618 0.1940]
                    [-0.9816 -0.0486 -0.1845 -0.0754]
                    [-0.1870 0.0537 0.9809 1.1987]
                    [0.0000 0.0000 0.0000 1.0000]]
        InitError: 0.21504975650207872
       FinalError: 0.010897008980952607

[DEPTH] image 12: source=original, depth=1203.3 mm, |t_depth - t_apriltag|=4.7 mm
Reading calibration_right_image_13.png...

Detected 1 tags

Detection 1 of 1:

           Family: b'tag36h11'
               ID: 3
    Hamming error: 0
         Goodness: 0.0
  Decision margin: 68.66643524169922
       Homography: [[-0.0297 0.7561 17.7775]
                    [-0.7207 -0.0062 7.5426]
                    [-0.0000 0.0000 0.0132]]
           Center: [1350.6311 573.0416]
          Corners: [[1297.1068 629.0776]
                    [1296.7443 521.0918]
                    [1404.0182 517.1492]
                    [1404.0371 624.5278]]
             Pose: [[-0.0330 0.9980 -0.0540 0.2186]
                    [-0.9841 -0.0419 -0.1725 -0.0847]
                    [-0.1744 0.0474 0.9835 1.2425]
                    [0.0000 0.0000 0.0000 1.0000]]
        InitError: 1.7254091918859942
       FinalError: 0.08179644166959865

[DEPTH] image 13: source=original, depth=1246.0 mm, |t_depth - t_apriltag|=3.6 mm
Reading calibration_right_image_14.png...

Detected 1 tags

Detection 1 of 1:

           Family: b'tag36h11'
               ID: 3
    Hamming error: 0
         Goodness: 0.0
  Decision margin: 67.63749694824219
       Homography: [[0.1079 -0.7409 -18.6566]
                    [0.7531 0.0097 -7.7352]
                    [0.0001 -0.0000 -0.0136]]
           Center: [1371.4049 568.5988]
          Corners: [[1320.1501 622.4407]
                    [1319.0009 517.8771]
                    [1423.0278 514.3700]
                    [1423.0206 618.5574]]
             Pose: [[-0.0323 0.9984 -0.0460 0.2454]
                    [-0.9895 -0.0384 -0.1394 -0.0920]
                    [-0.1410 0.0411 0.9892 1.2869]
                    [0.0000 0.0000 0.0000 1.0000]]
        InitError: 0.02574770577821268
       FinalError: 0.0010263631093693126

[DEPTH] image 14: source=original, depth=1287.7 mm, |t_depth - t_apriltag|=0.8 mm
Reading calibration_right_image_15.png...

Detected 1 tags

Detection 1 of 1:

           Family: b'tag36h11'
               ID: 3
    Hamming error: 0
         Goodness: 0.0
  Decision margin: 66.43772888183594
       Homography: [[-0.0259 0.7205 19.5366]
                    [-0.7209 -0.0181 7.9411]
                    [-0.0000 0.0000 0.0140]]
           Center: [1391.9810 565.7998]
          Corners: [[1341.9519 618.2111]
                    [1341.7474 516.8593]
                    [1442.0502 513.3467]
                    [1441.9943 614.5256]]
             Pose: [[-0.0312 0.9982 -0.0518 0.2722]
                    [-0.9888 -0.0385 -0.1445 -0.0973]
                    [-0.1462 0.0467 0.9881 1.3263]
                    [0.0000 0.0000 0.0000 1.0000]]
        InitError: 1.0346050459949574
       FinalError: 0.04133725572067637

[DEPTH] image 15: source=original, depth=1329.2 mm, |t_depth - t_apriltag|=2.9 mm
Reading calibration_right_image_16.png...

Detected 1 tags

Detection 1 of 1:

           Family: b'tag36h11'
               ID: 3
    Hamming error: 0
         Goodness: 0.0
  Decision margin: 64.51250457763672
       Homography: [[-0.0646 0.7301 20.3785]
                    [-0.7357 -0.0182 8.1364]
                    [-0.0000 0.0000 0.0144]]
           Center: [1411.5031 563.5598]
          Corners: [[1363.1638 614.7664]
                    [1362.4280 516.1243]
                    [1460.0020 512.1843]
                    [1460.1503 610.5815]]
             Pose: [[-0.0369 0.9978 -0.0559 0.2986]
                    [-0.9884 -0.0447 -0.1450 -0.1022]
                    [-0.1471 0.0499 0.9879 1.3633]
                    [0.0000 0.0000 0.0000 1.0000]]
        InitError: 0.3566355170584612
       FinalError: 0.011088968676811837

[DEPTH] image 16: source=original, depth=1366.1 mm, |t_depth - t_apriltag|=2.9 mm
Reading calibration_right_image_17.png...

Detected 1 tags

Detection 1 of 1:

           Family: b'tag36h11'
               ID: 3
    Hamming error: 0
         Goodness: 0.0
  Decision margin: 62.81574249267578
       Homography: [[0.1096 -0.7724 -21.1556]
                    [0.7516 0.0033 -8.3740]
                    [0.0001 -0.0000 -0.0148]]
           Center: [1427.9863 565.2356]
          Corners: [[1381.2338 615.2971]
                    [1379.6724 518.9487]
                    [1474.8752 515.0281]
                    [1475.5208 610.7759]]
             Pose: [[-0.0410 0.9977 -0.0545 0.3227]
                    [-0.9909 -0.0476 -0.1262 -0.1034]
                    [-0.1285 0.0488 0.9905 1.3994]
                    [0.0000 0.0000 0.0000 1.0000]]
        InitError: 0.30353290960700274
       FinalError: 0.007009309453459808

[DEPTH] image 17: source=original, depth=1402.1 mm, |t_depth - t_apriltag|=2.8 mm
Reading calibration_right_image_18.png...

Detected 1 tags

Detection 1 of 1:

           Family: b'tag36h11'
               ID: 3
    Hamming error: 0
         Goodness: 0.0
  Decision margin: 60.94953155517578
       Homography: [[-0.0446 0.7813 21.8318]
                    [-0.7228 -0.0033 8.5962]
                    [-0.0000 0.0001 0.0152]]
           Center: [1440.3988 567.1522]
          Corners: [[1394.8776 616.4228]
                    [1392.9086 522.3039]
                    [1485.7189 518.0993]
                    [1487.4141 611.5518]]
             Pose: [[-0.0464 0.9979 -0.0455 0.3432]
                    [-0.9927 -0.0511 -0.1090 -0.1039]
                    [-0.1111 0.0401 0.9930 1.4336]
                    [0.0000 0.0000 0.0000 1.0000]]
        InitError: 1.066124725670027
       FinalError: 0.024005866041868197

[DEPTH] image 18: source=original, depth=1434.3 mm, |t_depth - t_apriltag|=0.8 mm
Reading calibration_right_image_19.png...

Detected 1 tags

Detection 1 of 1:

           Family: b'tag36h11'
               ID: 3
    Hamming error: 0
         Goodness: 0.0
  Decision margin: 60.03843307495117
       Homography: [[0.0927 -0.7508 -22.3953]
                    [0.7415 0.0168 -8.8395]
                    [0.0001 -0.0000 -0.0155]]
           Center: [1448.4483 571.7072]
          Corners: [[1404.0564 619.9489]
                    [1401.8131 527.8195]
                    [1492.9559 523.3398]
                    [1494.5594 615.1018]]
             Pose: [[-0.0486 0.9977 -0.0462 0.3583]
                    [-0.9924 -0.0535 -0.1109 -0.1013]
                    [-0.1131 0.0405 0.9928 1.4618]
                    [0.0000 0.0000 0.0000 1.0000]]
        InitError: 0.07511431782179927
       FinalError: 0.0017031979304158412

[DEPTH] image 19: source=original, depth=1462.1 mm, |t_depth - t_apriltag|=0.3 mm
Reading calibration_right_image_20.png...

Detected 1 tags

Detection 1 of 1:

           Family: b'tag36h11'
               ID: 3
    Hamming error: 0
         Goodness: 0.0
  Decision margin: 59.16342544555664
       Homography: [[0.0411 -0.7550 -22.8490]
                    [0.7217 0.0184 -9.0832]
                    [0.0000 -0.0000 -0.0157]]
           Center: [1451.8884 577.1677]
          Corners: [[1408.1392 624.9109]
                    [1406.2369 534.3565]
                    [1495.5378 529.5335]
                    [1497.2206 619.6796]]
             Pose: [[-0.0519 0.9972 -0.0539 0.3677]
                    [-0.9903 -0.0584 -0.1259 -0.0971]
                    [-0.1286 0.0468 0.9906 1.4853]
                    [0.0000 0.0000 0.0000 1.0000]]
        InitError: 0.9213232885036362
       FinalError: 0.019293068403233058

[DEPTH] image 20: source=original, depth=1487.1 mm, |t_depth - t_apriltag|=1.8 mm
Reading calibration_right_image_21.png...

Detected 1 tags

Detection 1 of 1:

           Family: b'tag36h11'
               ID: 3
    Hamming error: 0
         Goodness: 0.0
  Decision margin: 58.48310089111328
       Homography: [[0.0535 -0.7479 -23.1349]
                    [0.7222 0.0259 -9.3012]
                    [0.0000 -0.0000 -0.0159]]
           Center: [1452.5465 583.9842]
          Corners: [[1409.9634 631.4052]
                    [1406.8185 542.0334]
                    [1495.0684 536.6314]
                    [1497.9769 625.6622]]
             Pose: [[-0.0601 0.9971 -0.0477 0.3733]
                    [-0.9927 -0.0647 -0.1021 -0.0911]
                    [-0.1048 0.0412 0.9936 1.5049]
                    [0.0000 0.0000 0.0000 1.0000]]
        InitError: 0.4400377643553792
       FinalError: 0.009400653149111099

[DEPTH] image 21: source=original, depth=1504.9 mm, |t_depth - t_apriltag|=0.1 mm
Reading calibration_right_image_22.png...

Detected 1 tags

Detection 1 of 1:

           Family: b'tag36h11'
               ID: 3
    Hamming error: 0
         Goodness: 0.0
  Decision margin: 58.54212951660156
       Homography: [[-0.0889 0.7147 23.3024]
                    [-0.7338 -0.0415 9.5208]
                    [-0.0000 0.0000 0.0161]]
           Center: [1451.1798 592.9188]
          Corners: [[1409.2428 639.8580]
                    [1405.5105 551.5214]
                    [1493.2937 545.7816]
                    [1496.5658 634.0594]]
             Pose: [[-0.0636 0.9973 -0.0357 0.3755]
                    [-0.9932 -0.0668 -0.0950 -0.0825]
                    [-0.0971 0.0295 0.9948 1.5196]
                    [0.0000 0.0000 0.0000 1.0000]]
        InitError: 0.028797295442045446
       FinalError: 0.000691473737160593

[DEPTH] image 22: source=original, depth=1519.1 mm, |t_depth - t_apriltag|=0.5 mm
Reading calibration_right_image_23.png...

Detected 1 tags

Detection 1 of 1:

           Family: b'tag36h11'
               ID: 3
    Hamming error: 0
         Goodness: 0.0
  Decision margin: 58.07569122314453
       Homography: [[-0.0351 0.6902 23.3044]
                    [-0.7138 -0.0480 9.7265]
                    [-0.0000 -0.0000 0.0161]]
           Center: [1445.5877 603.3400]
          Corners: [[1403.1982 649.7806]
                    [1400.5961 562.0379]
                    [1488.0833 556.7831]
                    [1490.5797 644.6423]]
             Pose: [[-0.0570 0.9980 -0.0267 0.3712]
                    [-0.9919 -0.0596 -0.1125 -0.0715]
                    [-0.1138 0.0201 0.9933 1.5264]
                    [0.0000 0.0000 0.0000 1.0000]]
        InitError: 0.6565289683589366
       FinalError: 0.019408657649989496

[DEPTH] image 23: source=original, depth=1524.5 mm, |t_depth - t_apriltag|=2.0 mm
Reading calibration_right_image_24.png...

Detected 1 tags

Detection 1 of 1:

           Family: b'tag36h11'
               ID: 3
    Hamming error: 0
         Goodness: 0.0
  Decision margin: 58.00115966796875
       Homography: [[0.0152 0.8110 23.2077]
                    [-0.7014 0.0158 9.9346]
                    [0.0000 0.0001 0.0162]]
           Center: [1436.6489 614.9894]
          Corners: [[1393.1747 661.0677]
                    [1392.6390 572.7525]
                    [1479.6472 569.4153]
                    [1480.3279 656.9088]]
             Pose: [[-0.0373 0.9978 -0.0555 0.3603]
                    [-0.9912 -0.0440 -0.1249 -0.0587]
                    [-0.1270 0.0504 0.9906 1.5221]
                    [0.0000 0.0000 0.0000 1.0000]]
        InitError: 3.6555100449657987
       FinalError: 0.0658450167610976

[DEPTH] image 24: source=original, depth=1523.6 mm, |t_depth - t_apriltag|=1.6 mm
Reading calibration_right_image_25.png...

Detected 1 tags

Detection 1 of 1:

           Family: b'tag36h11'
               ID: 3
    Hamming error: 0
         Goodness: 0.0
  Decision margin: 57.9375
       Homography: [[-0.0115 0.7329 22.9064]
                    [-0.7155 -0.0063 10.1615]
                    [-0.0000 0.0000 0.0161]]
           Center: [1420.5156 630.1543]
          Corners: [[1376.8110 675.4294]
                    [1376.8459 587.2358]
                    [1464.1545 584.9471]
                    [1464.0276 672.9177]]
             Pose: [[-0.0231 0.9985 -0.0504 0.3429]
                    [-0.9942 -0.0282 -0.1040 -0.0425]
                    [-0.1052 0.0477 0.9933 1.5212]
                    [0.0000 0.0000 0.0000 1.0000]]
        InitError: 0.5917113390590192
       FinalError: 0.014840599516689342

[DEPTH] image 25: source=original, depth=1520.9 mm, |t_depth - t_apriltag|=0.3 mm
Reading calibration_right_image_26.png...

Detected 1 tags

Detection 1 of 1:

           Family: b'tag36h11'
               ID: 3
    Hamming error: 0
         Goodness: 0.0
  Decision margin: 57.9083251953125
       Homography: [[0.1484 -0.8130 -22.5374]
                    [0.7818 -0.0373 -10.3680]
                    [0.0001 -0.0001 -0.0161]]
           Center: [1402.9660 645.4170]
          Corners: [[1358.6965 690.2867]
                    [1359.1423 601.5181]
                    [1447.4246 600.3557]
                    [1445.7686 688.2929]]
             Pose: [[-0.0127 0.9984 -0.0552 0.3221]
                    [-0.9930 -0.0191 -0.1166 -0.0262]
                    [-0.1175 0.0534 0.9916 1.5131]
                    [0.0000 0.0000 0.0000 1.0000]]
        InitError: 2.4298266160288757
       FinalError: 0.03967594507315256

[DEPTH] image 26: source=original, depth=1509.3 mm, |t_depth - t_apriltag|=3.9 mm
Reading calibration_right_image_27.png...

Detected 1 tags

Detection 1 of 1:

           Family: b'tag36h11'
               ID: 3
    Hamming error: 0
         Goodness: 0.0
  Decision margin: 58.392822265625
       Homography: [[-0.0235 0.7031 21.8969]
                    [-0.7285 -0.0087 10.4685]
                    [-0.0000 -0.0000 0.0158]]
           Center: [1382.9188 661.1491]
          Corners: [[1337.5062 706.3928]
                    [1339.3878 616.7720]
                    [1428.5011 615.7365]
                    [1426.2970 705.3704]]
             Pose: [[-0.0032 0.9979 -0.0648 0.2960]
                    [-0.9917 -0.0115 -0.1280 -0.0089]
                    [-0.1285 0.0638 0.9897 1.4883]
                    [0.0000 0.0000 0.0000 1.0000]]
        InitError: 0.6132481110009801
       FinalError: 0.018904166198422414

[DEPTH] image 27: source=original, depth=1491.5 mm, |t_depth - t_apriltag|=3.3 mm
Reading calibration_right_image_28.png...

Detected 1 tags

Detection 1 of 1:

           Family: b'tag36h11'
               ID: 3
    Hamming error: 0
         Goodness: 0.0
  Decision margin: 59.12291717529297
       Homography: [[0.0320 -0.6825 -21.3073]
                    [0.7329 0.0137 -10.6270]
                    [0.0000 0.0000 -0.0157]]
           Center: [1361.4415 679.0201]
          Corners: [[1315.2258 724.1658]
                    [1317.4843 633.8808]
                    [1407.9854 633.5538]
                    [1405.2858 724.0435]]
             Pose: [[0.0039 0.9989 -0.0459 0.2708]
                    [-0.9921 -0.0019 -0.1252 0.0097]
                    [-0.1251 0.0460 0.9911 1.4741]
                    [0.0000 0.0000 0.0000 1.0000]]
        InitError: 0.47612006832944
       FinalError: 0.01927095108477633

[DEPTH] image 28: source=original, depth=1467.4 mm, |t_depth - t_apriltag|=6.8 mm
Reading calibration_right_image_29.png...

Detected 1 tags

Detection 1 of 1:

           Family: b'tag36h11'
               ID: 3
    Hamming error: 0
         Goodness: 0.0
  Decision margin: 59.21134567260742
       Homography: [[-0.0264 0.7204 20.5185]
                    [-0.7303 0.0062 10.6757]
                    [-0.0000 0.0000 0.0153]]
           Center: [1339.8404 697.1181]
          Corners: [[1292.4785 743.2274]
                    [1294.7874 650.8912]
                    [1387.3527 650.8624]
                    [1384.6359 743.0806]]
             Pose: [[0.0061 0.9989 -0.0471 0.2428]
                    [-0.9924 0.0002 -0.1229 0.0280]
                    [-0.1228 0.0475 0.9913 1.4418]
                    [0.0000 0.0000 0.0000 1.0000]]
        InitError: 0.23768295303072076
       FinalError: 0.00894582870261349

[DEPTH] image 29: source=original, depth=1437.0 mm, |t_depth - t_apriltag|=4.8 mm
Reading calibration_right_image_30.png...

Detected 1 tags

Detection 1 of 1:

           Family: b'tag36h11'
               ID: 3
    Hamming error: 0
         Goodness: 0.0
  Decision margin: 60.69050979614258
       Homography: [[-0.0031 0.7303 19.7294]
                    [-0.7168 0.0091 10.7208]
                    [-0.0000 0.0000 0.0150]]
           Center: [1319.4965 717.0078]
          Corners: [[1270.9664 764.4029]
                    [1273.1963 669.9102]
                    [1368.0188 669.6204]
                    [1365.5970 763.9023]]
             Pose: [[0.0045 0.9987 -0.0511 0.2165]
                    [-0.9919 -0.0021 -0.1269 0.0471]
                    [-0.1269 0.0512 0.9906 1.4059]
                    [0.0000 0.0000 0.0000 1.0000]]
        InitError: 0.5951043669719781
       FinalError: 0.02499400572231697

[DEPTH] image 30: source=original, depth=1403.9 mm, |t_depth - t_apriltag|=2.1 mm
Reading calibration_right_image_31.png...

Detected 1 tags

Detection 1 of 1:

           Family: b'tag36h11'
               ID: 3
    Hamming error: 0
         Goodness: 0.0
  Decision margin: 62.40764617919922
       Homography: [[-0.0297 0.8364 18.9557]
                    [-0.7295 0.0664 10.7485]
                    [-0.0000 0.0001 0.0146]]
           Center: [1300.3234 737.3220]
          Corners: [[1250.4584 786.2529]
                    [1252.2216 688.9443]
                    [1349.7538 688.8177]
                    [1347.5645 784.8340]]
             Pose: [[0.0020 0.9984 -0.0563 0.1920]
                    [-0.9914 -0.0054 -0.1306 0.0655]
                    [-0.1306 0.0561 0.9898 1.3688]
                    [0.0000 0.0000 0.0000 1.0000]]
        InitError: 2.4845922384624544
       FinalError: 0.0680211422254142

[DEPTH] image 31: source=original, depth=1369.7 mm, |t_depth - t_apriltag|=1.0 mm
Reading calibration_right_image_32.png...

Detected 1 tags

Detection 1 of 1:

           Family: b'tag36h11'
               ID: 3
    Hamming error: 0
         Goodness: 0.0
  Decision margin: 64.89120483398438
       Homography: [[0.0109 -0.7143 -18.1429]
                    [0.7190 0.0035 -10.7366]
                    [0.0000 -0.0000 -0.0141]]
           Center: [1283.4673 759.5294]
          Corners: [[1232.4233 809.7993]
                    [1234.1532 710.0574]
                    [1334.6177 709.1548]
                    [1332.6224 808.8420]]
             Pose: [[0.0023 0.9982 -0.0594 0.1706]
                    [-0.9925 -0.0050 -0.1220 0.0844]
                    [-0.1221 0.0592 0.9908 1.3270]
                    [0.0000 0.0000 0.0000 1.0000]]
        InitError: 0.6390115109810913
       FinalError: 0.031951414661988246

[DEPTH] image 32: source=original, depth=1326.5 mm, |t_depth - t_apriltag|=0.6 mm
Reading calibration_right_image_33.png...

Detected 1 tags

Detection 1 of 1:

           Family: b'tag36h11'
               ID: 3
    Hamming error: 0
         Goodness: 0.0
  Decision margin: 66.7456283569336
       Homography: [[0.0124 -0.7122 -17.4075]
                    [0.7196 0.0075 -10.6863]
                    [0.0000 -0.0000 -0.0137]]
           Center: [1272.1170 780.9409]
          Corners: [[1219.5524 833.0985]
                    [1221.0549 730.0349]
                    [1324.8048 728.6611]
                    [1323.0212 831.6895]]
             Pose: [[0.0010 0.9975 -0.0707 0.1547]
                    [-0.9930 -0.0073 -0.1175 0.1010]
                    [-0.1177 0.0703 0.9906 1.2829]
                    [0.0000 0.0000 0.0000 1.0000]]
        InitError: 0.7911849219656104
       FinalError: 0.03980346174935775

[DEPTH] image 33: source=original, depth=1287.7 mm, |t_depth - t_apriltag|=4.8 mm
Reading calibration_right_image_34.png...

Detected 1 tags

Detection 1 of 1:

           Family: b'tag36h11'
               ID: 3
    Hamming error: 0
         Goodness: 0.0
  Decision margin: 68.70138549804688
       Homography: [[0.0146 0.7212 16.7711]
                    [-0.7012 -0.0028 10.6653]
                    [0.0000 0.0000 0.0133]]
           Center: [1264.9562 804.4270]
          Corners: [[1210.7587 858.4437]
                    [1212.1139 752.0350]
                    [1319.0380 750.5256]
                    [1317.7589 856.7797]]
             Pose: [[-0.0005 0.9976 -0.0685 0.1437]
                    [-0.9945 -0.0076 -0.1045 0.1186]
                    [-0.1048 0.0681 0.9922 1.2439]
                    [0.0000 0.0000 0.0000 1.0000]]
        InitError: 1.1261921451861274
       FinalError: 0.0652229185076137

[DEPTH] image 34: source=original, depth=1246.0 mm, |t_depth - t_apriltag|=2.1 mm
Reading calibration_right_image_35.png...

Detected 1 tags

Detection 1 of 1:

           Family: b'tag36h11'
               ID: 3
    Hamming error: 0
         Goodness: 0.0
  Decision margin: 69.61688995361328
       Homography: [[-0.0525 -0.7584 -16.2075]
                    [0.6752 -0.0205 -10.6072]
                    [-0.0000 -0.0000 -0.0128]]
           Center: [1263.8771 827.1607]
          Corners: [[1207.8386 883.4760]
                    [1209.0939 773.0834]
                    [1319.2521 771.5123]
                    [1318.6366 881.2145]]
             Pose: [[-0.0021 0.9973 -0.0732 0.1380]
                    [-0.9962 -0.0085 -0.0866 0.1343]
                    [-0.0870 0.0728 0.9935 1.2039]
                    [0.0000 0.0000 0.0000 1.0000]]
        InitError: 2.1725116607321295
       FinalError: 0.12657389559193005

[DEPTH] image 35: source=original, depth=1206.0 mm, |t_depth - t_apriltag|=2.2 mm
Reading calibration_right_image_36.png...

Detected 1 tags

Detection 1 of 1:

           Family: b'tag36h11'
               ID: 3
    Hamming error: 0
         Goodness: 0.0
  Decision margin: 70.83565521240234
       Homography: [[-0.0022 -0.7504 -15.7747]
                    [0.7044 -0.0169 -10.5440]
                    [-0.0000 -0.0000 -0.0124]]
           Center: [1270.1131 848.9584]
          Corners: [[1212.8829 906.8231]
                    [1212.9586 792.9006]
                    [1327.0266 791.4139]
                    [1326.9777 904.7319]]
             Pose: [[-0.0069 0.9989 -0.0458 0.1394]
                    [-0.9981 -0.0097 -0.0608 0.1485]
                    [-0.0612 0.0453 0.9971 1.1709]
                    [0.0000 0.0000 0.0000 1.0000]]
        InitError: 0.44814665320024344
       FinalError: 0.025660726510104315

[DEPTH] image 36: source=original, depth=1170.5 mm, |t_depth - t_apriltag|=0.4 mm
Reading calibration_right_image_37.png...

Detected 1 tags

Detection 1 of 1:

           Family: b'tag36h11'
               ID: 3
    Hamming error: 1
         Goodness: 0.0
  Decision margin: 72.28239440917969
       Homography: [[0.0120 -0.7216 -15.5076]
                    [0.7140 0.0048 -10.5147]
                    [0.0000 -0.0000 -0.0121]]
           Center: [1283.4905 870.2476]
          Corners: [[1224.9225 929.8635]
                    [1224.7765 812.8856]
                    [1342.0426 810.6479]
                    [1342.0127 927.4223]]
             Pose: [[-0.0087 0.9985 -0.0535 0.1463]
                    [-0.9981 -0.0120 -0.0611 0.1613]
                    [-0.0616 0.0529 0.9967 1.1375]
                    [0.0000 0.0000 0.0000 1.0000]]
        InitError: 0.3350648492286806
       FinalError: 0.017837034597442625

[DEPTH] image 37: source=original, depth=1135.8 mm, |t_depth - t_apriltag|=1.7 mm
Reading calibration_right_image_38.png...

Detected 1 tags

Detection 1 of 1:

           Family: b'tag36h11'
               ID: 3
    Hamming error: 2
         Goodness: 0.0
  Decision margin: 72.42290496826172
       Homography: [[-0.0051 0.7531 15.3643]
                    [-0.7094 0.0125 10.4625]
                    [-0.0000 0.0000 0.0118]]
           Center: [1305.1628 888.7640]
          Corners: [[1245.0143 950.5468]
                    [1244.8009 830.1314]
                    [1364.9849 827.3163]
                    [1365.1338 947.0168]]
             Pose: [[-0.0111 0.9976 -0.0681 0.1590]
                    [-0.9978 -0.0155 -0.0643 0.1712]
                    [-0.0652 0.0672 0.9956 1.1053]
                    [0.0000 0.0000 0.0000 1.0000]]
        InitError: 0.5589220341806688
       FinalError: 0.02423952847721916

[DEPTH] image 38: source=original, depth=1106.5 mm, |t_depth - t_apriltag|=1.2 mm
Reading calibration_right_image_39.png...

Detected 1 tags

Detection 1 of 1:

           Family: b'tag36h11'
               ID: 3
    Hamming error: 0
         Goodness: 0.0
  Decision margin: 73.99744415283203
       Homography: [[-0.0453 0.7547 15.3594]
                    [-0.7316 0.0078 10.4420]
                    [-0.0000 0.0000 0.0115]]
           Center: [1332.9273 906.1840]
          Corners: [[1272.1838 969.6217]
                    [1270.5043 846.6779]
                    [1393.5922 842.8284]
                    [1394.6661 965.0378]]
             Pose: [[-0.0212 0.9981 -0.0574 0.1769]
                    [-0.9979 -0.0247 -0.0607 0.1809]
                    [-0.0620 0.0559 0.9965 1.0825]
                    [0.0000 0.0000 0.0000 1.0000]]
        InitError: 0.05070222034969879
       FinalError: 0.0018814632523730364

[DEPTH] image 39: source=original, depth=1081.8 mm, |t_depth - t_apriltag|=0.8 mm
Reading calibration_right_image_40.png...

Detected 1 tags

Detection 1 of 1:

           Family: b'tag36h11'
               ID: 3
    Hamming error: 1
         Goodness: 0.0
  Decision margin: 74.63750457763672
       Homography: [[0.0432 -0.7650 -15.4678]
                    [0.7261 -0.0086 -10.4091]
                    [0.0000 -0.0000 -0.0113]]
           Center: [1365.7995 919.1210]
          Corners: [[1304.4187 984.2500]
                    [1301.8013 859.1069]
                    [1426.9590 854.2270]
                    [1429.0781 978.4603]]
             Pose: [[-0.0300 0.9981 -0.0539 0.1985]
                    [-0.9977 -0.0331 -0.0588 0.1875]
                    [-0.0604 0.0520 0.9968 1.0636]
                    [0.0000 0.0000 0.0000 1.0000]]
        InitError: 0.312581459901423
       FinalError: 0.010624528488247626

[DEPTH] image 40: source=original, depth=1061.6 mm, |t_depth - t_apriltag|=2.1 mm
Reading calibration_right_image_41.png...

Detected 1 tags

Detection 1 of 1:

           Family: b'tag36h11'
               ID: 3
    Hamming error: 1
         Goodness: 0.0
  Decision margin: 74.66156005859375
       Homography: [[0.0233 -0.7536 -15.6514]
                    [0.7089 0.0083 -10.3926]
                    [0.0000 -0.0000 -0.0112]]
           Center: [1401.3872 930.5219]
          Corners: [[1339.4597 997.3126]
                    [1336.2258 870.6561]
                    [1462.9956 864.0753]
                    [1466.1208 989.9946]]
             Pose: [[-0.0401 0.9976 -0.0568 0.2216]
                    [-0.9966 -0.0440 -0.0692 0.1930]
                    [-0.0715 0.0538 0.9960 1.0462]
                    [0.0000 0.0000 0.0000 1.0000]]
        InitError: 1.1088432162510755
       FinalError: 0.03601426243875269

[DEPTH] image 41: source=original, depth=1045.0 mm, |t_depth - t_apriltag|=1.3 mm
Reading calibration_right_image_42.png...

Detected 1 tags

Detection 1 of 1:

           Family: b'tag36h11'
               ID: 3
    Hamming error: 1
         Goodness: 0.0
  Decision margin: 74.78750610351562
       Homography: [[-0.0643 0.7742 15.9630]
                    [-0.7295 -0.0060 10.4380]
                    [-0.0000 0.0000 0.0111]]
           Center: [1439.2525 941.1098]
          Corners: [[1377.5514 1009.1144]
                    [1372.7191 881.6926]
                    [1500.7474 873.3324]
                    [1504.9132 999.7476]]
             Pose: [[-0.0543 0.9970 -0.0556 0.2473]
                    [-0.9951 -0.0586 -0.0793 0.1989]
                    [-0.0823 0.0510 0.9953 1.0367]
                    [0.0000 0.0000 0.0000 1.0000]]
        InitError: 0.8155555451679154
       FinalError: 0.021256511313505973

[DEPTH] image 42: source=original, depth=1034.9 mm, |t_depth - t_apriltag|=1.9 mm
Reading calibration_right_image_43.png...

Detected 1 tags

Detection 1 of 1:

           Family: b'tag36h11'
               ID: 3
    Hamming error: 0
         Goodness: 0.0
  Decision margin: 73.86111450195312
       Homography: [[0.0797 -0.7493 -16.4376]
                    [0.7330 0.0367 -10.5003]
                    [0.0000 -0.0000 -0.0111]]
           Center: [1478.7283 944.6098]
          Corners: [[1417.6241 1013.2336]
                    [1411.8416 886.8077]
                    [1539.9069 875.9023]
                    [1544.8901 1001.7855]]
             Pose: [[-0.0702 0.9958 -0.0588 0.2756]
                    [-0.9917 -0.0760 -0.1034 0.2010]
                    [-0.1074 0.0511 0.9929 1.0341]
                    [0.0000 0.0000 0.0000 1.0000]]
        InitError: 0.6668825257633479
       FinalError: 0.015282610086668962

[DEPTH] image 43: source=original, depth=1032.1 mm, |t_depth - t_apriltag|=2.1 mm
Reading calibration_right_image_44.png...

Detected 1 tags

Detection 1 of 1:

           Family: b'tag36h11'
               ID: 3
    Hamming error: 0
         Goodness: 0.0
  Decision margin: 73.26272583007812
       Homography: [[0.0762 -0.7757 -17.0264]
                    [0.7318 0.0244 -10.5125]
                    [0.0000 -0.0000 -0.0112]]
           Center: [1516.0886 936.0675]
          Corners: [[1454.8646 1004.1373]
                    [1450.1790 879.1030]
                    [1577.2228 868.0975]
                    [1581.1001 992.2557]]
             Pose: [[-0.0711 0.9955 -0.0627 0.3047]
                    [-0.9891 -0.0785 -0.1249 0.1960]
                    [-0.1292 0.0531 0.9902 1.0402]
                    [0.0000 0.0000 0.0000 1.0000]]
        InitError: 2.110432176102288
       FinalError: 0.04236723817435232

[DEPTH] image 44: source=original, depth=1037.6 mm, |t_depth - t_apriltag|=2.8 mm
Reading calibration_right_image_45.png...

Detected 1 tags

Detection 1 of 1:

           Family: b'tag36h11'
               ID: 3
    Hamming error: 0
         Goodness: 0.0
  Decision margin: 71.84930419921875
       Homography: [[0.1332 -0.8008 -17.6065]
                    [0.7701 0.0073 -10.5835]
                    [0.0001 -0.0001 -0.0114]]
           Center: [1546.1538 929.4182]
          Corners: [[1485.0221 996.0018]
                    [1481.5322 872.6830]
                    [1607.4926 862.6091]
                    [1609.2753 984.8364]]
             Pose: [[-0.0654 0.9959 -0.0628 0.3305]
                    [-0.9876 -0.0736 -0.1389 0.1931]
                    [-0.1430 0.0529 0.9883 1.0521]
                    [0.0000 0.0000 0.0000 1.0000]]
        InitError: 1.754990564086268
       FinalError: 0.026531612110036257

[DEPTH] image 45: source=original, depth=1048.7 mm, |t_depth - t_apriltag|=3.6 mm
Reading calibration_right_image_46.png...

Detected 1 tags

Detection 1 of 1:

           Family: b'tag36h11'
               ID: 3
    Hamming error: 0
         Goodness: 0.0
  Decision margin: 70.78842163085938
       Homography: [[-0.0820 0.7809 18.1728]
                    [-0.7485 -0.0093 10.6379]
                    [-0.0001 0.0000 0.0116]]
           Center: [1567.7072 917.6974]
          Corners: [[1505.9063 982.0829]
                    [1505.9038 861.1479]
                    [1629.6321 853.1827]
                    [1628.4823 973.3060]]
             Pose: [[-0.0476 0.9969 -0.0629 0.3520]
                    [-0.9862 -0.0569 -0.1552 0.1874]
                    [-0.1583 0.0547 0.9859 1.0685]
                    [0.0000 0.0000 0.0000 1.0000]]
        InitError: 1.7548321234540056
       FinalError: 0.028712694774438923

[DEPTH] image 46: source=original, depth=1065.2 mm, |t_depth - t_apriltag|=3.5 mm
Reading calibration_right_image_47.png...

Detected 1 tags

Detection 1 of 1:

           Family: b'tag36h11'
               ID: 3
    Hamming error: 0
         Goodness: 0.0
  Decision margin: 69.71759796142578
       Homography: [[0.1014 -0.7876 -18.7342]
                    [0.7668 -0.0036 -10.6901]
                    [0.0001 -0.0000 -0.0118]]
           Center: [1581.4559 902.4092]
          Corners: [[1519.5461 964.3092]
                    [1522.1642 846.1389]
                    [1643.6908 840.1842]
                    [1639.5328 957.5267]]
             Pose: [[-0.0322 0.9976 -0.0618 0.3695]
                    [-0.9838 -0.0426 -0.1740 0.1793]
                    [-0.1762 0.0552 0.9828 1.0896]
                    [0.0000 0.0000 0.0000 1.0000]]
        InitError: 0.9383912056714774
       FinalError: 0.013804978528686606

[DEPTH] image 47: source=original, depth=1088.2 mm, |t_depth - t_apriltag|=1.5 mm
Reading calibration_right_image_48.png...

Detected 1 tags

Detection 1 of 1:

           Family: b'tag36h11'
               ID: 3
    Hamming error: 0
         Goodness: 0.0
  Decision margin: 68.81436157226562
       Homography: [[-0.0808 0.7980 19.2291]
                    [-0.7623 0.0261 10.7327]
                    [-0.0001 0.0001 0.0121]]
           Center: [1586.2900 885.3877]
          Corners: [[1524.1298 944.2580]
                    [1529.7235 828.9831]
                    [1648.6956 826.2851]
                    [1641.6906 940.6296]]
             Pose: [[-0.0106 0.9988 -0.0486 0.3827]
                    [-0.9829 -0.0193 -0.1833 0.1704]
                    [-0.1840 0.0458 0.9819 1.1174]
                    [0.0000 0.0000 0.0000 1.0000]]
        InitError: 2.025790893862667
       FinalError: 0.02884163351515458

[DEPTH] image 48: source=original, depth=1113.8 mm, |t_depth - t_apriltag|=3.8 mm
Reading calibration_right_image_49.png...

Detected 1 tags

Detection 1 of 1:

           Family: b'tag36h11'
               ID: 3
    Hamming error: 0
         Goodness: 0.0
  Decision margin: 67.14120483398438
       Homography: [[0.1145 -0.8151 -19.6647]
                    [0.7821 -0.0436 -10.7401]
                    [0.0001 -0.0001 -0.0124]]
           Center: [1584.2653 865.2640]
          Corners: [[1523.1272 921.9191]
                    [1529.3511 809.3104]
                    [1645.7819 808.2582]
                    [1637.7635 919.7747]]
             Pose: [[-0.0018 0.9993 -0.0379 0.3915]
                    [-0.9829 -0.0087 -0.1840 0.1586]
                    [-0.1842 0.0369 0.9822 1.1480]
                    [0.0000 0.0000 0.0000 1.0000]]
        InitError: 3.142283439068249
       FinalError: 0.03813077372887107

[DEPTH] image 49: source=original, depth=1142.2 mm, |t_depth - t_apriltag|=6.1 mm
Reading calibration_right_image_50.png...

Detected 1 tags

Detection 1 of 1:

           Family: b'tag36h11'
               ID: 3
    Hamming error: 0
         Goodness: 0.0
  Decision margin: 66.7030029296875
       Homography: [[0.0752 -0.7836 -20.0529]
                    [0.7591 -0.0260 -10.7591]
                    [0.0001 -0.0000 -0.0128]]
           Center: [1572.2849 843.5868]
          Corners: [[1513.0815 898.8932]
                    [1518.8807 789.2647]
                    [1631.7754 788.0121]
                    [1624.7180 896.9210]]
             Pose: [[-0.0033 0.9993 -0.0367 0.3933]
                    [-0.9837 -0.0098 -0.1797 0.1454]
                    [-0.1799 0.0356 0.9830 1.1824]
                    [0.0000 0.0000 0.0000 1.0000]]
        InitError: 1.3240620288139928
       FinalError: 0.019372751843273958

[DEPTH] image 50: source=original, depth=1177.8 mm, |t_depth - t_apriltag|=4.9 mm
Reading calibration_right_image_51.png...

Detected 1 tags

Detection 1 of 1:

           Family: b'tag36h11'
               ID: 3
    Hamming error: 0
         Goodness: 0.0
  Decision margin: 66.115966796875
       Homography: [[-0.0768 0.7436 20.3368]
                    [-0.7592 0.0065 10.7656]
                    [-0.0001 0.0000 0.0131]]
           Center: [1553.5311 822.3832]
          Corners: [[1496.4064 876.2667]
                    [1501.4512 769.3168]
                    [1611.1298 768.0526]
                    [1604.8815 874.7063]]
             Pose: [[-0.0028 0.9993 -0.0366 0.3888]
                    [-0.9857 -0.0089 -0.1685 0.1314]
                    [-0.1687 0.0356 0.9850 1.2173]
                    [0.0000 0.0000 0.0000 1.0000]]
        InitError: 0.19111310794335812
       FinalError: 0.002995169455725223

[DEPTH] image 51: source=original, depth=1213.3 mm, |t_depth - t_apriltag|=4.2 mm
Reading calibration_right_image_52.png...

Detected 1 tags

Detection 1 of 1:

           Family: b'tag36h11'
               ID: 3
    Hamming error: 0
         Goodness: 0.0
  Decision margin: 65.31295776367188
       Homography: [[-0.0143 0.7865 20.5682]
                    [-0.7236 0.0220 10.7492]
                    [-0.0000 0.0000 0.0135]]
           Center: [1528.8392 798.9919]
          Corners: [[1473.7012 852.4504]
                    [1477.7460 747.8387]
                    [1583.8083 745.6970]
                    [1579.3530 849.5650]]
             Pose: [[-0.0111 0.9988 -0.0485 0.3776]
                    [-0.9859 -0.0190 -0.1664 0.1145]
                    [-0.1671 0.0460 0.9849 1.2508]
                    [0.0000 0.0000 0.0000 1.0000]]
        InitError: 3.861453419109831
       FinalError: 0.06425514711048823

[DEPTH] image 52: source=original, depth=1249.6 mm, |t_depth - t_apriltag|=1.3 mm
Reading calibration_right_image_53.png...

Detected 1 tags

Detection 1 of 1:

           Family: b'tag36h11'
               ID: 3
    Hamming error: 0
         Goodness: 0.0
  Decision margin: 64.92013549804688
       Homography: [[0.0690 -0.7843 -20.7128]
                    [0.7431 -0.0086 -10.7123]
                    [0.0001 -0.0000 -0.0138]]
           Center: [1500.2884 775.9194]
          Corners: [[1448.1909 828.9564]
                    [1449.0911 726.7906]
                    [1552.4065 722.8613]
                    [1550.7417 824.3342]]
             Pose: [[-0.0308 0.9984 -0.0478 0.3629]
                    [-0.9877 -0.0378 -0.1515 0.0968]
                    [-0.1530 0.0425 0.9873 1.2882]
                    [0.0000 0.0000 0.0000 1.0000]]
        InitError: 1.2278003722024666
       FinalError: 0.021129846206434676

[DEPTH] image 53: source=original, depth=1284.9 mm, |t_depth - t_apriltag|=3.4 mm
Reading calibration_right_image_54.png...

Detected 1 tags

Detection 1 of 1:

           Family: b'tag36h11'
               ID: 3
    Hamming error: 0
         Goodness: 0.0
  Decision margin: 64.81040954589844
       Homography: [[-0.0106 0.7802 20.7715]
                    [-0.7093 0.0043 10.6884]
                    [-0.0000 0.0000 0.0142]]
           Center: [1466.2485 754.4912]
          Corners: [[1416.0364 806.6025]
                    [1415.9707 706.8808]
                    [1516.1694 702.6820]
                    [1516.1342 801.7303]]
             Pose: [[-0.0362 0.9983 -0.0455 0.3417]
                    [-0.9897 -0.0421 -0.1372 0.0797]
                    [-0.1389 0.0401 0.9895 1.3264]
                    [0.0000 0.0000 0.0000 1.0000]]
        InitError: 3.0191612892602206
       FinalError: 0.06304489340830116

[DEPTH] image 54: source=original, depth=1322.0 mm, |t_depth - t_apriltag|=4.5 mm
Reading calibration_right_image_55.png...

Detected 1 tags

Detection 1 of 1:

           Family: b'tag36h11'
               ID: 3
    Hamming error: 0
         Goodness: 0.0
  Decision margin: 64.71272277832031
       Homography: [[-0.0127 0.7273 20.7515]
                    [-0.7137 -0.0117 10.6781]
                    [-0.0000 0.0000 0.0145]]
           Center: [1432.0392 736.8830]
          Corners: [[1382.8617 787.0201]
                    [1383.3278 689.6163]
                    [1481.2072 686.7556]
                    [1480.5851 783.9891]]
             Pose: [[-0.0234 0.9990 -0.0380 0.3181]
                    [-0.9922 -0.0279 -0.1216 0.0648]
                    [-0.1226 0.0348 0.9919 1.3618]
                    [0.0000 0.0000 0.0000 1.0000]]
        InitError: 1.076297703568688
       FinalError: 0.02957413658724261

[DEPTH] image 55: source=original, depth=1360.7 mm, |t_depth - t_apriltag|=1.1 mm
Reading calibration_right_image_56.png...

Detected 1 tags

Detection 1 of 1:

           Family: b'tag36h11'
               ID: 3
    Hamming error: 0
         Goodness: 0.0
  Decision margin: 63.82729721069336
       Homography: [[0.0529 -0.7469 -20.6938]
                    [0.7392 -0.0108 -10.5798]
                    [0.0000 -0.0000 -0.0148]]
           Center: [1396.7570 714.1012]
          Corners: [[1348.5564 762.4949]
                    [1349.4427 666.7704]
                    [1445.0547 665.6100]
                    [1443.6062 760.9669]]
             Pose: [[-0.0082 0.9990 -0.0449 0.2911]
                    [-0.9952 -0.0126 -0.0972 0.0438]
                    [-0.0976 0.0439 0.9943 1.3954]
                    [0.0000 0.0000 0.0000 1.0000]]
        InitError: 0.02968397860462614
       FinalError: 0.000831338854200945

[DEPTH] image 56: source=original, depth=1391.3 mm, |t_depth - t_apriltag|=4.2 mm
Reading calibration_right_image_57.png...

Detected 1 tags

Detection 1 of 1:

           Family: b'tag36h11'
               ID: 3
    Hamming error: 0
         Goodness: 0.0
  Decision margin: 62.33423614501953
       Homography: [[-0.0292 0.8361 20.6159]
                    [-0.7310 0.0689 10.5533]
                    [-0.0000 0.0001 0.0152]]
           Center: [1360.4222 696.3984]
          Corners: [[1312.5662 743.1422]
                    [1314.5076 649.1396]
                    [1407.8868 650.0368]
                    [1405.5623 742.8599]]
             Pose: [[0.0075 0.9991 -0.0426 0.2614]
                    [-0.9964 0.0039 -0.0844 0.0270]
                    [-0.0841 0.0431 0.9955 1.4303]
                    [0.0000 0.0000 0.0000 1.0000]]
        InitError: 2.30996093642756
       FinalError: 0.05474551805293564

[DEPTH] image 57: source=original, depth=1425.4 mm, |t_depth - t_apriltag|=5.0 mm
Reading calibration_right_image_58.png...

Detected 1 tags

Detection 1 of 1:

           Family: b'tag36h11'
               ID: 3
    Hamming error: 0
         Goodness: 0.0
  Decision margin: 61.44398498535156
       Homography: [[0.0326 -0.7134 -20.4081]
                    [0.7350 -0.0053 -10.4883]
                    [0.0000 -0.0000 -0.0154]]
           Center: [1325.2469 681.0828]
          Corners: [[1278.3535 726.9433]
                    [1280.5354 634.8622]
                    [1372.3379 635.0291]
                    [1369.6985 727.0346]]
             Pose: [[0.0087 0.9981 -0.0608 0.2293]
                    [-0.9941 0.0021 -0.1085 0.0117]
                    [-0.1082 0.0614 0.9922 1.4503]
                    [0.0000 0.0000 0.0000 1.0000]]
        InitError: 0.18667657013607988
       FinalError: 0.007770503277422576

[DEPTH] image 58: source=original, depth=1452.2 mm, |t_depth - t_apriltag|=1.9 mm
Reading calibration_right_image_59.png...

Detected 1 tags

Detection 1 of 1:

           Family: b'tag36h11'
               ID: 3
    Hamming error: 0
         Goodness: 0.0
  Decision margin: 60.7342529296875
       Homography: [[0.0021 -0.6981 -20.2416]
                    [0.7199 -0.0059 -10.3953]
                    [0.0000 0.0000 -0.0156]]
           Center: [1293.5841 664.3368]
          Corners: [[1246.9742 708.7535]
                    [1249.8816 618.4722]
                    [1340.3531 619.7683]
                    [1337.2135 710.1248]]
             Pose: [[0.0184 0.9994 -0.0308 0.2008]
                    [-0.9941 0.0150 -0.1074 -0.0056]
                    [-0.1069 0.0326 0.9937 1.4798]
                    [0.0000 0.0000 0.0000 1.0000]]
        InitError: 0.19856404875304773
       FinalError: 0.014483946438649213

[DEPTH] image 59: source=original, depth=1477.2 mm, |t_depth - t_apriltag|=2.5 mm
Reading calibration_right_image_60.png...

Detected 1 tags

Detection 1 of 1:

           Family: b'tag36h11'
               ID: 3
    Hamming error: 0
         Goodness: 0.0
  Decision margin: 60.2275390625
       Homography: [[0.0272 -0.7105 -20.0821]
                    [0.7354 -0.0154 -10.3092]
                    [0.0000 -0.0000 -0.0159]]
           Center: [1266.2058 650.0107]
          Corners: [[1220.1963 693.7500]
                    [1223.2539 604.4310]
                    [1312.4364 606.0612]
                    [1308.9082 695.3255]]
             Pose: [[0.0236 0.9982 -0.0550 0.1743]
                    [-0.9935 0.0173 -0.1121 -0.0209]
                    [-0.1110 0.0573 0.9922 1.4979]
                    [0.0000 0.0000 0.0000 1.0000]]
        InitError: 0.10138034094438714
       FinalError: 0.0065248343938676566

[DEPTH] image 60: source=original, depth=1495.1 mm, |t_depth - t_apriltag|=2.8 mm
Reading calibration_right_image_61.png...

Detected 1 tags

Detection 1 of 1:

           Family: b'tag36h11'
               ID: 3
    Hamming error: 0
         Goodness: 0.0
  Decision margin: 59.83958053588867
       Homography: [[0.0274 -0.7319 -19.8583]
                    [0.7343 -0.0270 -10.1582]
                    [0.0000 -0.0000 -0.0160]]
           Center: [1244.1630 636.4341]
          Corners: [[1198.1564 679.6939]
                    [1201.4332 591.1196]
                    [1290.3131 593.0394]
                    [1286.5497 681.3846]]
             Pose: [[0.0252 0.9989 -0.0387 0.1519]
                    [-0.9898 0.0195 -0.1412 -0.0355]
                    [-0.1403 0.0418 0.9892 1.5084]
                    [0.0000 0.0000 0.0000 1.0000]]
        InitError: 0.08242708081409444
       FinalError: 0.005484386183460719

[DEPTH] image 61: source=original, depth=1509.3 mm, |t_depth - t_apriltag|=0.9 mm
Reading calibration_right_image_62.png...

Detected 1 tags

Detection 1 of 1:

           Family: b'tag36h11'
               ID: 3
    Hamming error: 0
         Goodness: 0.0
  Decision margin: 59.31412124633789
       Homography: [[-0.0165 0.7531 19.6882]
                    [-0.7331 0.0455 10.0063]
                    [-0.0000 0.0000 0.0160]]
           Center: [1227.4017 623.8132]
          Corners: [[1181.2042 666.5266]
                    [1185.3768 578.1744]
                    [1273.6205 581.0801]
                    [1269.0066 668.9961]]
             Pose: [[0.0369 0.9977 -0.0569 0.1346]
                    [-0.9894 0.0285 -0.1422 -0.0491]
                    [-0.1403 0.0616 0.9882 1.5152]
                    [0.0000 0.0000 0.0000 1.0000]]
        InitError: 0.11371647879938013
       FinalError: 0.006937647919616561

[DEPTH] image 62: source=original, depth=1516.5 mm, |t_depth - t_apriltag|=1.2 mm
Reading calibration_right_image_63.png...

Detected 1 tags

Detection 1 of 1:

           Family: b'tag36h11'
               ID: 3
    Hamming error: 0
         Goodness: 0.0
  Decision margin: 59.23819351196289
       Homography: [[0.0233 -0.7367 -19.5149]
                    [0.7375 -0.0440 -9.8284]
                    [0.0000 -0.0000 -0.0160]]
           Center: [1216.4621 612.6506]
          Corners: [[1170.2335 654.8947]
                    [1174.6102 566.6017]
                    [1262.8296 570.2795]
                    [1257.9221 658.2683]]
             Pose: [[0.0431 0.9983 -0.0395 0.1233]
                    [-0.9923 0.0381 -0.1175 -0.0613]
                    [-0.1157 0.0443 0.9923 1.5200]
                    [0.0000 0.0000 0.0000 1.0000]]
        InitError: 0.007590961047736208
       FinalError: 0.0006705119542043889

[DEPTH] image 63: source=original, depth=1518.2 mm, |t_depth - t_apriltag|=1.7 mm
Reading calibration_right_image_64.png...

Detected 1 tags

Detection 1 of 1:

           Family: b'tag36h11'
               ID: 3
    Hamming error: 0
         Goodness: 0.0
  Decision margin: 59.11528015136719
       Homography: [[0.0018 0.7343 19.3968]
                    [-0.7261 0.0457 9.6369]
                    [-0.0000 0.0000 0.0160]]
           Center: [1212.6713 602.4925]
          Corners: [[1166.0742 644.7111]
                    [1170.9614 556.1793]
                    [1259.3148 560.2318]
                    [1254.0911 648.4835]]
             Pose: [[0.0474 0.9981 -0.0392 0.1189]
                    [-0.9917 0.0423 -0.1211 -0.0720]
                    [-0.1192 0.0446 0.9919 1.5161]
                    [0.0000 0.0000 0.0000 1.0000]]
        InitError: 0.061694456207849614
       FinalError: 0.006521268121994633

[DEPTH] image 64: source=original, depth=1513.8 mm, |t_depth - t_apriltag|=2.3 mm
Reading calibration_right_image_65.png...

Detected 1 tags

Detection 1 of 1:

           Family: b'tag36h11'
               ID: 3
    Hamming error: 0
         Goodness: 0.0
  Decision margin: 59.35069274902344
       Homography: [[0.0028 -0.7468 -19.2681]
                    [0.7272 -0.0476 -9.4332]
                    [0.0000 -0.0000 -0.0159]]
           Center: [1213.0453 593.8799]
          Corners: [[1166.3435 636.7437]
                    [1170.8221 547.4248]
                    [1259.7360 551.0264]
                    [1254.9115 639.9423]]
             Pose: [[0.0421 0.9978 -0.0517 0.1184]
                    [-0.9915 0.0353 -0.1255 -0.0806]
                    [-0.1234 0.0565 0.9907 1.5047]
                    [0.0000 0.0000 0.0000 1.0000]]
        InitError: 0.0868168159970666
       FinalError: 0.007600635740601141

[DEPTH] image 65: source=original, depth=1504.0 mm, |t_depth - t_apriltag|=0.7 mm
Reading calibration_right_image_66.png...

Detected 1 tags

Detection 1 of 1:

           Family: b'tag36h11'
               ID: 3
    Hamming error: 0
         Goodness: 0.0
  Decision margin: 59.74004364013672
       Homography: [[0.0335 -0.7126 -19.1694]
                    [0.7385 -0.0213 -9.2393]
                    [0.0000 -0.0000 -0.0157]]
           Center: [1219.6065 587.8301]
          Corners: [[1173.2003 631.7408]
                    [1176.3976 541.4449]
                    [1266.2664 543.6794]
                    [1262.5039 633.8810]]
             Pose: [[0.0283 0.9978 -0.0606 0.1242]
                    [-0.9924 0.0208 -0.1215 -0.0862]
                    [-0.1200 0.0636 0.9907 1.4884]
                    [0.0000 0.0000 0.0000 1.0000]]
        InitError: 0.0603365545905548
       FinalError: 0.006401755817420453

[DEPTH] image 66: source=original, depth=1487.1 mm, |t_depth - t_apriltag|=1.4 mm
Reading calibration_right_image_67.png...

Detected 1 tags

Detection 1 of 1:

           Family: b'tag36h11'
               ID: 3
    Hamming error: 0
         Goodness: 0.0
  Decision margin: 59.897216796875
       Homography: [[0.0268 -0.7106 -19.1296]
                    [0.7291 -0.0038 -8.9816]
                    [0.0000 -0.0000 -0.0155]]
           Center: [1234.5021 579.6124]
          Corners: [[1188.0348 625.1906]
                    [1189.9537 533.6763]
                    [1281.1528 533.8543]
                    [1278.8236 625.3147]]
             Pose: [[0.0079 0.9981 -0.0615 0.1377]
                    [-0.9877 -0.0018 -0.1563 -0.0933]
                    [-0.1561 0.0619 0.9858 1.4655]
                    [0.0000 0.0000 0.0000 1.0000]]
        InitError: 0.2406174089925577
       FinalError: 0.023317330646867182

[DEPTH] image 67: source=original, depth=1463.9 mm, |t_depth - t_apriltag|=1.6 mm
Reading calibration_right_image_68.png...

Detected 1 tags

Detection 1 of 1:

           Family: b'tag36h11'
               ID: 3
    Hamming error: 0
         Goodness: 0.0
  Decision margin: 61.1092529296875
       Homography: [[0.0118 -0.7819 -18.9939]
                    [0.7149 -0.0197 -8.6445]
                    [0.0000 -0.0001 -0.0151]]
           Center: [1255.7051 571.4989]
          Corners: [[1209.0859 619.6592]
                    [1208.8816 525.3900]
                    [1301.9944 523.6794]
                    [1302.0931 617.1790]]
             Pose: [[-0.0170 0.9974 -0.0705 0.1557]
                    [-0.9904 -0.0265 -0.1355 -0.0992]
                    [-0.1370 0.0675 0.9883 1.4305]
                    [0.0000 0.0000 0.0000 1.0000]]
        InitError: 0.891724699553155
       FinalError: 0.045393094312472605

[DEPTH] image 68: source=original, depth=1434.3 mm, |t_depth - t_apriltag|=3.9 mm
Reading calibration_right_image_69.png...

Detected 1 tags

Detection 1 of 1:

           Family: b'tag36h11'
               ID: 3
    Hamming error: 0
         Goodness: 0.0
  Decision margin: 62.79374694824219
       Homography: [[0.0505 -0.7682 -19.0566]
                    [0.7241 0.0042 -8.4103]
                    [0.0000 -0.0001 -0.0148]]
           Center: [1284.8967 567.0686]
          Corners: [[1238.6984 617.2670]
                    [1235.9865 521.1785]
                    [1330.9315 517.0479]
                    [1333.3115 612.4937]]
             Pose: [[-0.0429 0.9970 -0.0646 0.1817]
                    [-0.9915 -0.0504 -0.1203 -0.1017]
                    [-0.1232 0.0589 0.9906 1.4033]
                    [0.0000 0.0000 0.0000 1.0000]]
        InitError: 0.41638987427232804
       FinalError: 0.020381896700550708

[DEPTH] image 69: source=original, depth=1403.9 mm, |t_depth - t_apriltag|=0.6 mm

[INFO] Build pairs summary
  valid pairs      : 70
  no detection     : 0
  no valid depth   : 0
  valid image ids  : [0, 1, 2, 3, 4, 5, 6, 7, 8, 9, 10, 11, 12, 13, 14, 15, 16, 17, 18, 19, 20, 21, 22, 23, 24, 25, 26, 27, 28, 29, 30, 31, 32, 33, 34, 35, 36, 37, 38, 39, 40, 41, 42, 43, 44, 45, 46, 47, 48, 49, 50, 51, 52, 53, 54, 55, 56, 57, 58, 59, 60, 61, 62, 63, 64, 65, 66, 67, 68, 69]
[INFO] SE3 mean init index: 58, closest to median translation
[INFO] SE3 mean converged at iter 2

[INFO] Initial X_cam_base from per-frame SE3 mean:
[[-0.9983 0.0541 -0.0209 0.6522]
 [0.0268 0.1105 -0.9935 0.2126]
 [-0.0514 -0.9924 -0.1118 1.5374]
 [0.0000 0.0000 0.0000 1.0000]]
[INFO] Initial inverse X_base_cam:
[[-0.9983 0.0268 -0.0514 0.7244]
 [0.0541 0.1105 -0.9924 1.4669]
 [-0.0209 -0.9935 -0.1118 0.3967]
 [0.0000 0.0000 0.0000 1.0000]]

==========================================================================================
[Initial SE3-mean residual report]
==========================================================================================
image_index | trans_err_mm | rot_err_deg | status
------------------------------------------------------------------------------------------
          0 |         4.56 |       0.969 | ok
          1 |         5.38 |       0.897 | ok
          2 |         4.99 |       0.489 | ok
          3 |         5.50 |       0.421 | ok
          4 |         5.25 |       0.364 | ok
          5 |         4.30 |       0.568 | ok
          6 |         4.21 |       0.623 | ok
          7 |         3.90 |       0.641 | ok
          8 |         3.43 |       0.772 | ok
          9 |         2.69 |       0.729 | ok
         10 |         2.60 |       0.731 | ok
         11 |         2.65 |       0.443 | ok
         12 |         2.92 |       1.415 | ok
         13 |         2.32 |       0.653 | ok
         14 |         2.61 |       0.993 | ok
         15 |         2.65 |       0.285 | ok
         16 |         3.44 |       0.908 | ok
         17 |         3.13 |       0.740 | ok
         18 |         3.28 |       0.295 | ok
         19 |         4.07 |       0.314 | ok
         20 |         4.07 |       1.155 | ok
         21 |         4.40 |       0.943 | ok
         22 |         3.09 |       1.229 | ok
         23 |         3.73 |       0.525 | ok
         24 |         3.84 |       1.230 | ok
         25 |         3.16 |       1.050 | ok
         26 |         3.04 |       0.607 | ok
         27 |         2.41 |       0.189 | ok
         28 |         1.92 |       0.923 | ok
         29 |         1.62 |       1.018 | ok
         30 |         1.53 |       0.725 | ok
         31 |         3.82 |       0.296 | ok
         32 |         0.84 |       0.033 | ok
         33 |         3.06 |       0.945 | ok
         34 |         2.36 |       1.096 | ok
         35 |         2.25 |       1.131 | ok
         36 |         3.85 |       0.707 | ok
         37 |         3.37 |       0.306 | ok
         38 |         3.91 |       0.890 | ok
         39 |         4.64 |       0.537 | ok
         40 |         4.79 |       0.473 | ok
         41 |         5.16 |       0.515 | ok
         42 |         5.69 |       0.479 | ok
         43 |         5.66 |       0.612 | ok
         44 |         5.16 |       0.639 | ok
         45 |         5.68 |       0.752 | ok
         46 |         5.68 |       0.710 | ok
         47 |         6.38 |       0.961 | ok
         48 |         5.95 |       0.887 | ok
         49 |         5.10 |       0.812 | ok
         50 |         4.86 |       0.755 | ok
         51 |         4.20 |       0.621 | ok
         52 |         2.72 |       0.610 | ok
         53 |         1.96 |       0.342 | ok
         54 |         2.10 |       0.329 | ok
         55 |         0.74 |       0.696 | ok
         56 |         4.13 |       0.737 | ok
         57 |         1.96 |       1.423 | ok
         58 |         3.14 |       0.717 | ok
         59 |         2.62 |       1.339 | ok
         60 |         3.40 |       0.958 | ok
         61 |         2.80 |       0.682 | ok
         62 |         2.88 |       0.898 | ok
         63 |         2.86 |       1.781 | ok
         64 |         3.21 |       1.650 | ok
         65 |         2.72 |       1.237 | ok
         66 |         2.63 |       1.093 | ok
         67 |         2.85 |       1.557 | ok
         68 |         4.03 |       0.907 | ok
         69 |         3.45 |       0.191 | ok
------------------------------------------------------------------------------------------
Translation error mean/std/max: 3.56 / 1.26 / 6.38 mm   [ALL 70 frames]
Rotation error mean/std/max: 0.774 / 0.358 / 1.781 deg   [ALL 70 frames]
[INFO] no outliers by this rule

[INFO] Starting nonlinear least_squares optimization...
[INFO] Variable: X_cam_base = X_init @ exp(xi)
[INFO] robust_loss: huber
[INFO] f_scale: 10.0
[INFO] rot_weight: 573.0
[INFO] trans_weight: 1000.0
   Iteration     Total nfev        Cost      Cost reduction    Step norm     Optimality   
       0              1         2.9887e+03                                    6.35e+04    
       1              2         2.9092e+03      7.95e+01       2.14e-03       1.29e+03    
       2              3         2.9091e+03      3.68e-02       5.94e-05       3.30e-02    
       3              4         2.9091e+03      3.41e-11       1.74e-09       3.67e-03    
`ftol` termination condition is satisfied.
Function evaluations 4, initial cost 2.9887e+03, final cost 2.9091e+03, first-order optimality 3.67e-03.

[INFO] Optimization result
  success: True
  message: `ftol` termination condition is satisfied.
  nfev: 4
  cost: 2909.133777524385
  xi_update: [-0.0018 -0.0004 -0.0009 -0.0001 -0.0002 -0.0007]

[INFO] Optimized X_cam_base:
[[-0.9984 0.0532 -0.0204 0.6523]
 [0.0263 0.1123 -0.9933 0.2132]
 [-0.0505 -0.9922 -0.1136 1.5376]
 [0.0000 0.0000 0.0000 1.0000]]
[INFO] Optimized inverse X_base_cam:
[[-0.9984 0.0263 -0.0505 0.7233]
 [0.0532 0.1123 -0.9922 1.4671]
 [-0.0204 -0.9933 -0.1136 0.3997]
 [0.0000 0.0000 0.0000 1.0000]]

==========================================================================================
[Optimized nonlinear residual report]
==========================================================================================
image_index | trans_err_mm | rot_err_deg | status
------------------------------------------------------------------------------------------
          0 |         4.21 |       1.076 | ok
          1 |         4.20 |       0.817 | ok
          2 |         3.81 |       0.572 | ok
          3 |         4.35 |       0.508 | ok
          4 |         4.17 |       0.390 | ok
          5 |         2.99 |       0.564 | ok
          6 |         2.93 |       0.603 | ok
          7 |         2.64 |       0.754 | ok
          8 |         2.19 |       0.775 | ok
          9 |         1.54 |       0.788 | ok
         10 |         1.59 |       0.846 | ok
         11 |         1.76 |       0.543 | ok
         12 |         2.24 |       1.387 | ok
         13 |         1.73 |       0.627 | ok
         14 |         2.16 |       1.094 | ok
         15 |         2.26 |       0.390 | ok
         16 |         3.20 |       0.865 | ok
         17 |         2.84 |       0.730 | ok
         18 |         3.14 |       0.397 | ok
         19 |         3.94 |       0.360 | ok
         20 |         4.00 |       1.120 | ok
         21 |         4.33 |       1.036 | ok
         22 |         3.00 |       1.313 | ok
         23 |         3.71 |       0.527 | ok
         24 |         3.84 |       1.225 | ok
         25 |         3.25 |       1.147 | ok
         26 |         3.09 |       0.680 | ok
         27 |         2.65 |       0.279 | ok
         28 |         2.06 |       0.919 | ok
         29 |         1.98 |       1.045 | ok
         30 |         1.79 |       0.756 | ok
         31 |         3.59 |       0.343 | ok
         32 |         1.32 |       0.106 | ok
         33 |         2.77 |       0.926 | ok
         34 |         2.05 |       1.051 | ok
         35 |         1.91 |       1.122 | ok
         36 |         3.30 |       0.702 | ok
         37 |         2.73 |       0.247 | ok
         38 |         3.13 |       0.854 | ok
         39 |         3.68 |       0.464 | ok
         40 |         3.81 |       0.448 | ok
         41 |         4.15 |       0.443 | ok
         42 |         4.67 |       0.435 | ok
         43 |         4.59 |       0.544 | ok
         44 |         4.20 |       0.557 | ok
         45 |         4.62 |       0.667 | ok
         46 |         4.68 |       0.621 | ok
         47 |         5.36 |       0.865 | ok
         48 |         4.96 |       0.787 | ok
         49 |         4.24 |       0.713 | ok
         50 |         3.98 |       0.669 | ok
         51 |         3.40 |       0.546 | ok
         52 |         2.04 |       0.515 | ok
         53 |         1.55 |       0.240 | ok
         54 |         2.23 |       0.248 | ok
         55 |         0.63 |       0.630 | ok
         56 |         4.46 |       0.816 | ok
         57 |         2.34 |       1.497 | ok
         58 |         3.50 |       0.795 | ok
         59 |         2.98 |       1.347 | ok
         60 |         3.76 |       1.050 | ok
         61 |         3.10 |       0.572 | ok
         62 |         3.19 |       0.931 | ok
         63 |         3.11 |       1.868 | ok
         64 |         3.48 |       1.726 | ok
         65 |         2.96 |       1.315 | ok
         66 |         2.85 |       1.178 | ok
         67 |         3.08 |       1.447 | ok
         68 |         4.22 |       0.837 | ok
         69 |         3.56 |       0.235 | ok
------------------------------------------------------------------------------------------
Translation error mean/std/max: 3.17 / 1.00 / 5.36 mm   [ALL 70 frames]
Rotation error mean/std/max: 0.778 / 0.367 / 1.868 deg   [ALL 70 frames]
[INFO] no outliers by this rule

[SAVED]
Saved nonlinear optimized matrix to:
  /home/yizhouch/move_some_robots/crisp_env/crisp_py/hand_to_eye_calibration/roahm-deformable-objects/zsy-testmycode/results/zed_calib_fs_002/base2cam_transform_right_nonlinear_opt_depth_translation_ffs.npz
Saved summary to:
  /home/yizhouch/move_some_robots/crisp_env/crisp_py/hand_to_eye_calibration/roahm-deformable-objects/zsy-testmycode/results/zed_calib_fs_002/summary_right_nonlinear_opt_depth_translation_ffs.txt
[INFO] Loaded depth stack: /home/yizhouch/move_some_robots/crisp_env/crisp_py/hand_to_eye_calibration/roahm-deformable-objects/captured_calibration_data/zed_calib_fs_002/right_calibration_rgbd_ffs.npz, shape=(72, 1242, 2208)
[INFO] depth back-projection intrinsics: fx=1414.575439 fy=1414.575439 cx=1101.675415 cy=669.754150

[WORST] saving 1 worst frame(s) by metric=combined to /home/yizhouch/move_some_robots/crisp_env/crisp_py/hand_to_eye_calibration/roahm-deformable-objects/zsy-testmycode/results/zed_calib_fs_002/worst_case
  worst1_right_depth_translation_ffs_image063_annotated.png
  worst1_right_depth_translation_ffs_image063_cloud.ply  (649234 points, stride=2)
  worst1_right_depth_translation_ffs_image063_info.txt

[IMPORTANT]
This saved matrix follows the same convention as the old calculate_base_to_cam output.
Your dual_green_pick.py currently loads T_saved and uses inv(T_saved) as camera_to_base.
So if you want to test this matrix in dual_green_pick.py, point TRANSFORM_PATH to the npz above.
[PLOT] error distribution saved to: /home/yizhouch/move_some_robots/crisp_env/crisp_py/hand_to_eye_calibration/roahm-deformable-objects/zsy-testmycode/results/zed_calib_fs_002/error_distribution_right_nonlinear_opt_depth_translation_ffs.png
